
> api-taskflow@1.0.0 test:endpoints
> bash scripts/testing/test-all-endpoints.sh

╔════════════════════════════════════════════════╗
║   🧪 PRUEBA COMPLETA DE TODOS LOS ENDPOINTS    ║
╚════════════════════════════════════════════════╝

═══════════════════════════════════════════════
1️⃣  AUTENTICACIÓN
═══════════════════════════════════════════════
✅ Admin token obtenido
✅ Manager token obtenido
✅ User token obtenido: eyJhbGciOi...

═══════════════════════════════════════════════
2️⃣  USUARIOS
═══════════════════════════════════════════════
Test 1: Obtener todos los usuarios (admin)... [0;32m✅ PASS[0m
Test 2: Obtener usuario por ID (admin)... [0;31m❌ FAIL[0m
   Response: {"success":false,"status":"fail","error":{"statusCode":404,"status":"fail","isOperational":true},"message":"User not found","stack":"Error: User not found\n    at Module.getUserById (file:///home/elias-jiminian/projects/api-taskflow/src/services/userService.js:8:11)\n    at async file:///home/elias-jiminian/projects/api-taskflow/src/controllers/userController.js:84:16"}
Test 3: Obtener perfil propio (user)... [0;32m✅ PASS[0m

═══════════════════════════════════════════════
3️⃣  PROYECTOS
═══════════════════════════════════════════════
Test 4: Obtener todos los proyectos (admin)... [0;32m✅ PASS[0m
ℹ️  Usando Project ID dinámico: 19
Test 5: Obtener proyecto por ID (admin)... [0;32m✅ PASS[0m
Test 6: Obtener usuarios del proyecto (admin)... [0;32m✅ PASS[0m
Test 7: Obtener tareas del proyecto (admin)... [0;32m✅ PASS[0m
Test 8: Obtener proyectos del usuario (user)... [0;32m✅ PASS[0m

═══════════════════════════════════════════════
4️⃣  TAREAS
═══════════════════════════════════════════════
Test 9: Obtener todas las tareas (admin)... [0;32m✅ PASS[0m
Response for ID extraction: {"success":true,"message":"Tasks fetched successfully","data":[{"id":54,"description":"Diseñar mockups actualizados","project_id":16,"status_id":2,"priority":"high","due_date":"2026-02-28T12:08:17.228Z","completed":false,"created_at":"2026-02-21T11:08:17.230Z","updated_at":"2026-02-21T11:08:37.456Z","project_name":"Website Redesign","project_color":"indigo","project_icon":"Folder","status":"in_progress","users":[{"id":12,"username":"user","name":"User","lastname":"Alpha"},{"id":13,"username":"user2","name":"User","lastname":"Beta"}],"tags":[{"id":6,"name":"ui","color":"blue"},{"id":1,"name":"frontend","color":"blue"}]},{"id":55,"description":"Implementar diseño responsive (Mobile First)","project_id":16,"status_id":1,"priority":"medium","due_date":"2026-03-07T12:08:17.228Z","completed":false,"created_at":"2026-02-21T11:08:17.236Z","updated_at":"2026-02-21T11:08:17.236Z","project_name":"Website Redesign","project_color":"indigo","project_icon":"Folder","status":"pending","users":[{"id":11,"username":"manager","name":"Manager","lastname":"TaskFlow"}],"tags":[{"id":1,"name":"frontend","color":"blue"},{"id":6,"name":"ui","color":"blue"}]},{"id":56,"description":"Optimizar imágenes y assets","project_id":16,"status_id":3,"priority":"low","due_date":"2026-03-14T12:08:17.228Z","completed":false,"created_at":"2026-02-21T11:08:17.240Z","updated_at":"2026-02-21T11:08:17.240Z","project_name":"Website Redesign","project_color":"indigo","project_icon":"Folder","status":"review","users":[{"id":12,"username":"user","name":"User","lastname":"Alpha"}],"tags":[{"id":6,"name":"ui","color":"blue"}]},{"id":57,"description":"Configurar proyecto React Native","project_id":17,"status_id":4,"priority":"high","due_date":"2026-02-19T12:08:17.228Z","completed":true,"created_at":"2026-02-21T11:08:17.245Z","updated_at":"2026-02-21T11:08:17.245Z","project_name":"Mobile App Development","project_color":"indigo","project_icon":"Folder","status":"completed","users":[{"id":10,"username":"admin","name":"Admin","lastname":"TaskFlow"}],"tags":[{"id":5,"name":"feature","color":"blue"},{"id":1,"name":"frontend","color":"blue"}]},{"id":58,"description":"Implementar autenticación Biometrica","project_id":17,"status_id":2,"priority":"high","due_date":"2026-02-26T12:08:17.228Z","completed":false,"created_at":"2026-02-21T11:08:17.248Z","updated_at":"2026-02-21T11:08:17.248Z","project_name":"Mobile App Development","project_color":"indigo","project_icon":"Folder","status":"in_progress","users":[{"id":13,"username":"user2","name":"User","lastname":"Beta"}],"tags":[{"id":2,"name":"backend","color":"blue"},{"id":3,"name":"urgent","color":"blue"}]},{"id":59,"description":"Diseñar pantallas de perfil","project_id":17,"status_id":1,"priority":"medium","due_date":"2026-03-03T12:08:17.228Z","completed":false,"created_at":"2026-02-21T11:08:17.252Z","updated_at":"2026-02-21T11:08:17.252Z","project_name":"Mobile App Development","project_color":"indigo","project_icon":"Folder","status":"pending","users":[{"id":13,"username":"user2","name":"User","lastname":"Beta"}],"tags":[{"id":6,"name":"ui","color":"blue"}]},{"id":60,"description":"Documentar endpoints de terceros (Swagger)","project_id":18,"status_id":4,"priority":"medium","due_date":"2026-02-16T12:08:17.228Z","completed":true,"created_at":"2026-02-21T11:08:17.257Z","updated_at":"2026-02-21T11:08:17.257Z","project_name":"API Integration","project_color":"indigo","project_icon":"Folder","status":"completed","users":[{"id":11,"username":"manager","name":"Manager","lastname":"TaskFlow"}],"tags":[{"id":7,"name":"api","color":"blue"}]},{"id":61,"description":"Implementar cliente HTTP Axios","project_id":18,"status_id":2,"priority":"high","due_date":"2026-02-24T12:08:17.228Z","completed":false,"created_at":"2026-02-21T11:08:17.261Z","updated_at":"2026-02-21T11:08:17.261Z","project_name":"API Integration","project_color":"indigo","project_icon":"Folder","status":"in_progress","users":[{"id":12,"username":"user","name":"User","lastname":"Alpha"}],"tags":[{"id":2,"name":"backend","color":"blue"},{"id":7,"name":"api","color":"blue"}]},{"id":62,"description":"Agregar manejo de errores global (Interceptors)","project_id":18,"status_id":1,"priority":"medium","due_date":"2026-02-28T12:08:17.228Z","completed":false,"created_at":"2026-02-21T11:08:17.266Z","updated_at":"2026-02-21T11:08:17.266Z","project_name":"API Integration","project_color":"indigo","project_icon":"Folder","status":"pending","users":[{"id":12,"username":"user","name":"User","lastname":"Alpha"},{"id":13,"username":"user2","name":"User","lastname":"Beta"}],"tags":[{"id":4,"name":"bug","color":"blue"},{"id":2,"name":"backend","color":"blue"}]},{"id":63,"description":"Analizar esquema actual Legacy","project_id":19,"status_id":4,"priority":"high","due_date":"2026-02-11T12:08:17.228Z","completed":true,"created_at":"2026-02-21T11:08:17.270Z","updated_at":"2026-02-21T11:08:17.270Z","project_name":"Database Migration","project_color":"indigo","project_icon":"Folder","status":"completed","users":[{"id":10,"username":"admin","name":"Admin","lastname":"TaskFlow"}],"tags":[{"id":2,"name":"backend","color":"blue"}]}],"pagination":{"page":1,"limit":10,"total":12,"totalPages":2}}
ℹ️  Usando Task ID dinámico: 54
Test 10: Obtener tarea por ID (admin)... [0;32m✅ PASS[0m
Test 11: Obtener usuarios de la tarea (admin)... [0;32m✅ PASS[0m
Test 12: Obtener tags de la tarea (admin)... [0;32m✅ PASS[0m
Test 13: Obtener tareas del usuario (user)... [0;32m✅ PASS[0m
Test 14: Actualizar tarea (manager)... [0;32m✅ PASS[0m

═══════════════════════════════════════════════
5️⃣  ESTADOS
═══════════════════════════════════════════════
Test 15: Obtener todos los estados (user)... [0;32m✅ PASS[0m
Test 16: Obtener estado por ID (user)... [0;32m✅ PASS[0m

═══════════════════════════════════════════════
6️⃣  ETIQUETAS
═══════════════════════════════════════════════
Test 17: Obtener todas las etiquetas (user)... [0;32m✅ PASS[0m
Test 18: Obtener etiqueta por ID (user)... [0;32m✅ PASS[0m

╔════════════════════════════════════════════════╗
║              RESUMEN DE PRUEBAS                ║
╚════════════════════════════════════════════════╝

Total de pruebas: 18
Exitosas: [0;32m17[0m
Fallidas: [0;31m1[0m

[0;31m❌ ALGUNAS PRUEBAS FALLARON[0m
